2023-06-19 20:12:44,506 - logger3 - INFO - 
2023-06-19 20:12:45,596 - logger3 - INFO - 
gc_omcicli dbg 7
gc_omcicli omcilog on
gccli consoleRedir on
root@GTH904-TW:/home # gc_omcicli dbg 7
root@GTH904-TW:/home # gc_omcicli omcilog on
root@GTH904-TW:/home # gccli consoleRedir on
console_redirect successfuly 
root@GTH904-TW:/home #   adding: config.current.xml (deflated 92%)
Archive:  /tmp/backup_decompress/raw_config
  inflating: config.current.xml
cat /etc/gc_fw_info

2023-06-19 20:12:55,603 - logger3 - INFO - FlashSize       =       0xfa00000
BootVersion     =       V1.2.0(05/30/2023-18:31:18)
MainImage       =       /dev/mtdblock2
BackupImage     =       /dev/mtdblock5
Version =       V01.00.00
FakeVersion     =       v1.1.t4.0303
HwVersion       =       1.0
VendorId        =       TW
ModelId =       1610
sequence        =       56
SlaveVersion    =       V01.00.00
SlaveFakeVersion        =       v1.1.t4.0303
SlaveHwVersion  =       1.0
SlaveVendorId   =       TW
SlaveModelId    =       1610
Slavesequence   =       57
MaxImageSize    =       0x48a0000
root@GTH904-TW:/home # [libgc Info][src/libgc_sys_api.c:3421][libgc_sys_getPhyPortSequence()][/usr/bin/ponrate]:get phy port map: 0,1,2,3

2023-06-19 20:13:05,608 - logger3 - INFO - cat /etc/gc_fw_info
FlashSize       =       0xfa00000
BootVersion     =       V1.2.0(05/30/2023-18:31:18)
MainImage       =       /dev/mtdblock2
BackupImage     =       /dev/mtdblock5
Version =       V01.00.00
FakeVersion     =       v1.1.t4.0303
HwVersion       =       1.0
VendorId        =       TW
ModelId =       1610
sequence        =       56
SlaveVersion    =       V01.00.00
SlaveFakeVersion        =       v1.1.t4.0303
SlaveHwVersion  =       1.0
SlaveVendorId   =       TW
SlaveModelId    =       1610
Slavesequence   =       57
MaxImageSize    =       0x48a0000
root@GTH904-TW:/home # c
2023-06-19 20:13:15,611 - logger3 - INFO - at /etc/gc_fw_info
FlashSize       =       0xfa00000
BootVersion     =       V1.2.0(05/30/2023-18:31:18)
MainImage       =       /dev/mtdblock2
BackupImage     =       /dev/mtdblock5
Version =       V01.00.00
FakeVersion     =       v1.1.t4.0303
HwVersion       =       1.0
VendorId        =       TW
ModelId =       1610
sequence        =       56
SlaveVersion    =       V01.00.00
SlaveFakeVersion        =       v1.1.t4.0303
SlaveHwVersion  =       1.0
SlaveVendorId   =       TW
SlaveModelId    =       1610
Slavesequence   =       57
MaxImageSize    =       0x48a0000
root@GTH904-TW:/home # c
2023-06-19 20:13:25,614 - logger3 - INFO - at /etc/gc_fw_info
FlashSize       =       0xfa00000
BootVersion     =       V1.2.0(05/30/2023-18:31:18)
MainImage       =       /dev/mtdblock2
BackupImage     =       /dev/mtdblock5
Version =       V01.00.00
FakeVersion     =       v1.1.t4.0303
HwVersion       =       1.0
VendorId        =       TW
ModelId =       1610
sequence        =       56
SlaveVersion    =       V01.00.00
SlaveFakeVersion        =       v1.1.t4.0303
SlaveHwVersion  =       1.0
SlaveVendorId   =       TW
SlaveModelId    =       1610
Slavesequence   =       57
MaxImageSize    =       0x48a0000
root@GTH904-TW:/home # [1970-01-01 08:03:23 CST] ERROR  cwmp_http_request_error_cb - error: HTTP EOF
[1970-01-01 08:03:23 CST] ERROR cwmp_session_http_cb - session timeout
[1970-01-01 08:03:23 CST] ERROR cwmp_session_terminate_cb - session failed: 110 - Connection timed out, url: http://162.168.1.100:9090/acs

2023-06-19 20:13:35,619 - logger3 - INFO - cat /etc/gc_fw_info
FlashSize       =       0xfa00000
BootVersion     =       V1.2.0(05/30/2023-18:31:18)
MainImage       =       /dev/mtdblock2
BackupImage     =       /dev/mtdblock5
Version =       V01.00.00
FakeVersion     =       v1.1.t4.0303
HwVersion       =       1.0
VendorId        =       TW
ModelId =       1610
sequence        =       56
SlaveVersion    =       V01.00.00
SlaveFakeVersion        =       v1.1.t4.0303
SlaveHwVersion  =       1.0
SlaveVendorId   =       TW
SlaveModelId    =       1610
Slavesequence   =       57
MaxImageSize    =       0x48a0000
root@GTH904-TW:/home # c
2023-06-19 20:13:45,624 - logger3 - INFO - at /etc/gc_fw_info
FlashSize       =       0xfa00000
BootVersion     =       V1.2.0(05/30/2023-18:31:18)
MainImage       =       /dev/mtdblock2
BackupImage     =       /dev/mtdblock5
Version =       V01.00.00
FakeVersion     =       v1.1.t4.0303
HwVersion       =       1.0
VendorId        =       TW
ModelId =       1610
sequence        =       56
SlaveVersion    =       V01.00.00
SlaveFakeVersion        =       v1.1.t4.0303
SlaveHwVersion  =       1.0
SlaveVendorId   =       TW
SlaveModelId    =       1610
Slavesequence   =       57
MaxImageSize    =       0x48a0000
root@GTH904-TW:/home # c
2023-06-19 20:13:55,626 - logger3 - INFO - at /etc/gc_fw_info
FlashSize       =       0xfa00000
BootVersion     =       V1.2.0(05/30/2023-18:31:18)
MainImage       =       /dev/mtdblock2
BackupImage     =       /dev/mtdblock5
Version =       V01.00.00
FakeVersion     =       v1.1.t4.0303
HwVersion       =       1.0
VendorId        =       TW
ModelId =       1610
sequence        =       56
SlaveVersion    =       V01.00.00
SlaveFakeVersion        =       v1.1.t4.0303
SlaveHwVersion  =       1.0
SlaveVendorId   =       TW
SlaveModelId    =       1610
Slavesequence   =       57
MaxImageSize    =       0x48a0000
root@GTH904-TW:/home # c
2023-06-19 20:14:05,631 - logger3 - INFO - at /etc/gc_fw_info
FlashSize       =       0xfa00000
BootVersion     =       V1.2.0(05/30/2023-18:31:18)
MainImage       =       /dev/mtdblock2
BackupImage     =       /dev/mtdblock5
Version =       V01.00.00
FakeVersion     =       v1.1.t4.0303
HwVersion       =       1.0
VendorId        =       TW
ModelId =       1610
sequence        =       56
SlaveVersion    =       V01.00.00
SlaveFakeVersion        =       v1.1.t4.0303
SlaveHwVersion  =       1.0
SlaveVendorId   =       TW
SlaveModelId    =       1610
Slavesequence   =       57
MaxImageSize    =       0x48a0000
root@GTH904-TW:/home # c
2023-06-19 20:14:15,637 - logger3 - INFO - at /etc/gc_fw_info
FlashSize       =       0xfa00000
BootVersion     =       V1.2.0(05/30/2023-18:31:18)
MainImage       =       /dev/mtdblock2
BackupImage     =       /dev/mtdblock5
Version =       V01.00.00
FakeVersion     =       v1.1.t4.0303
HwVersion       =       1.0
VendorId        =       TW
ModelId =       1610
sequence        =       56
SlaveVersion    =       V01.00.00
SlaveFakeVersion        =       v1.1.t4.0303
SlaveHwVersion  =       1.0
SlaveVendorId   =       TW
SlaveModelId    =       1610
Slavesequence   =       57
MaxImageSize    =       0x48a0000
root@GTH904-TW:/home # c
2023-06-19 20:14:25,643 - logger3 - INFO - at /etc/gc_fw_info
FlashSize       =       0xfa00000
BootVersion     =       V1.2.0(05/30/2023-18:31:18)
MainImage       =       /dev/mtdblock2
BackupImage     =       /dev/mtdblock5
Version =       V01.00.00
FakeVersion     =       v1.1.t4.0303
HwVersion       =       1.0
VendorId        =       TW
ModelId =       1610
sequence        =       56
SlaveVersion    =       V01.00.00
SlaveFakeVersion        =       v1.1.t4.0303
SlaveHwVersion  =       1.0
SlaveVendorId   =       TW
SlaveModelId    =       1610
Slavesequence   =       57
MaxImageSize    =       0x48a0000
root@GTH904-TW:/home # [256.785]=================================RX=====================================
80 14 49 0a 00 02 00 00 80 00 00 00 00 00 00 00 00 00 00 00 00 00 00 00 00 00 00 00 00 00 00 00 00 00 00 00 00 00 00 00 00 00 00 28 39 c9 86 57 
tId:8014(32788) DB:0 AR:1 AK:0 MT:9(Get) devId:0a meClasId:0002(onudata) meInstId:0000
MsgType: Get
attrMask:0x8000
attrMask:0x8000 attrNo:1  length:1  name:MIBdatasync
[256.786]*********************************TX*************************************
80 14 29 0a 00 02 00 00 00 80 00 10 00 00 00 00 00 00 00 00 00 00 00 00 00 00 00 00 00 00 00 00 00 00 00 00 00 00 00 00 00 00 00 28 8d 4c 78 8c 
tId:8014(32788) DB:0 AR:0 AK:1 MT:9(Get) devId:0a meClasId:0002(onudata) meInstId:0000
MsgType: Get
result:00(success)
attrMask:0x8000 optnMask:0x0000 execMask:0x0000
attrMask:0x8000 attrNo:1  length:1  name:MIBdatasync value:10 
c
2023-06-19 20:14:35,646 - logger3 - INFO - at /etc/gc_fw_info
FlashSize       =       0xfa00000
BootVersion     =       V1.2.0(05/30/2023-18:31:18)
MainImage       =       /dev/mtdblock2
BackupImage     =       /dev/mtdblock5
Version =       V01.00.00
FakeVersion     =       v1.1.t4.0303
HwVersion       =       1.0
VendorId        =       TW
ModelId =       1610
sequence        =       56
SlaveVersion    =       V01.00.00
SlaveFakeVersion        =       v1.1.t4.0303
SlaveHwVersion  =       1.0
SlaveVendorId   =       TW
SlaveModelId    =       1610
Slavesequence   =       57
MaxImageSize    =       0x48a0000
root@GTH904-TW:/home # c
2023-06-19 20:14:45,652 - logger3 - INFO - at /etc/gc_fw_info
FlashSize       =       0xfa00000
BootVersion     =       V1.2.0(05/30/2023-18:31:18)
MainImage       =       /dev/mtdblock2
BackupImage     =       /dev/mtdblock5
Version =       V01.00.00
FakeVersion     =       v1.1.t4.0303
HwVersion       =       1.0
VendorId        =       TW
ModelId =       1610
sequence        =       56
SlaveVersion    =       V01.00.00
SlaveFakeVersion        =       v1.1.t4.0303
SlaveHwVersion  =       1.0
SlaveVendorId   =       TW
SlaveModelId    =       1610
Slavesequence   =       57
MaxImageSize    =       0x48a0000
root@GTH904-TW:/home # c
2023-06-19 20:14:55,657 - logger3 - INFO - at /etc/gc_fw_info
FlashSize       =       0xfa00000
BootVersion     =       V1.2.0(05/30/2023-18:31:18)
MainImage       =       /dev/mtdblock2
BackupImage     =       /dev/mtdblock5
Version =       V01.00.00
FakeVersion     =       v1.1.t4.0303
HwVersion       =       1.0
VendorId        =       TW
ModelId =       1610
sequence        =       56
SlaveVersion    =       V01.00.00
SlaveFakeVersion        =       v1.1.t4.0303
SlaveHwVersion  =       1.0
SlaveVendorId   =       TW
SlaveModelId    =       1610
Slavesequence   =       57
MaxImageSize    =       0x48a0000
root@GTH904-TW:/home # c
2023-06-19 20:15:05,661 - logger3 - INFO - at /etc/gc_fw_info
FlashSize       =       0xfa00000
BootVersion     =       V1.2.0(05/30/2023-18:31:18)
MainImage       =       /dev/mtdblock2
BackupImage     =       /dev/mtdblock5
Version =       V01.00.00
FakeVersion     =       v1.1.t4.0303
HwVersion       =       1.0
VendorId        =       TW
ModelId =       1610
sequence        =       56
SlaveVersion    =       V01.00.00
SlaveFakeVersion        =       v1.1.t4.0303
SlaveHwVersion  =       1.0
SlaveVendorId   =       TW
SlaveModelId    =       1610
Slavesequence   =       57
MaxImageSize    =       0x48a0000
root@GTH904-TW:/home # [1970-01-01 08:04:56 CST] ERROR  cwmp_http_request_error_cb - error: HTTP EOF
[1970-01-01 08:04:56 CST] ERROR cwmp_session_http_cb - session timeout
[1970-01-01 08:04:56 CST] ERROR cwmp_session_terminate_cb - session failed: 110 - Connection timed out, url: http://162.168.1.100:9090/acs
c
2023-06-19 20:15:15,665 - logger3 - INFO - at /etc/gc_fw_info
FlashSize       =       0xfa00000
BootVersion     =       V1.2.0(05/30/2023-18:31:18)
MainImage       =       /dev/mtdblock2
BackupImage     =       /dev/mtdblock5
Version =       V01.00.00
FakeVersion     =       v1.1.t4.0303
HwVersion       =       1.0
VendorId        =       TW
ModelId =       1610
sequence        =       56
SlaveVersion    =       V01.00.00
SlaveFakeVersion        =       v1.1.t4.0303
SlaveHwVersion  =       1.0
SlaveVendorId   =       TW
SlaveModelId    =       1610
Slavesequence   =       57
MaxImageSize    =       0x48a0000
root@GTH904-TW:/home # c
2023-06-19 20:15:25,670 - logger3 - INFO - at /etc/gc_fw_info
FlashSize       =       0xfa00000
BootVersion     =       V1.2.0(05/30/2023-18:31:18)
MainImage       =       /dev/mtdblock2
BackupImage     =       /dev/mtdblock5
Version =       V01.00.00
FakeVersion     =       v1.1.t4.0303
HwVersion       =       1.0
VendorId        =       TW
ModelId =       1610
sequence        =       56
SlaveVersion    =       V01.00.00
SlaveFakeVersion        =       v1.1.t4.0303
SlaveHwVersion  =       1.0
SlaveVendorId   =       TW
SlaveModelId    =       1610
Slavesequence   =       57
MaxImageSize    =       0x48a0000
root@GTH904-TW:/home # ca
2023-06-19 20:15:35,674 - logger3 - INFO - t /etc/gc_fw_info
FlashSize       =       0xfa00000
BootVersion     =       V1.2.0(05/30/2023-18:31:18)
MainImage       =       /dev/mtdblock2
BackupImage     =       /dev/mtdblock5
Version =       V01.00.00
FakeVersion     =       v1.1.t4.0303
HwVersion       =       1.0
VendorId        =       TW
ModelId =       1610
sequence        =       56
SlaveVersion    =       V01.00.00
SlaveFakeVersion        =       v1.1.t4.0303
SlaveHwVersion  =       1.0
SlaveVendorId   =       TW
SlaveModelId    =       1610
Slavesequence   =       57
MaxImageSize    =       0x48a0000
root@GTH904-TW:/home # c
2023-06-19 20:15:45,678 - logger3 - INFO - at /etc/gc_fw_info
FlashSize       =       0xfa00000
BootVersion     =       V1.2.0(05/30/2023-18:31:18)
MainImage       =       /dev/mtdblock2
BackupImage     =       /dev/mtdblock5
Version =       V01.00.00
FakeVersion     =       v1.1.t4.0303
HwVersion       =       1.0
VendorId        =       TW
ModelId =       1610
sequence        =       56
SlaveVersion    =       V01.00.00
SlaveFakeVersion        =       v1.1.t4.0303
SlaveHwVersion  =       1.0
SlaveVendorId   =       TW
SlaveModelId    =       1610
Slavesequence   =       57
MaxImageSize    =       0x48a0000
root@GTH904-TW:/home # c
2023-06-19 20:15:55,681 - logger3 - INFO - at /etc/gc_fw_info
FlashSize       =       0xfa00000
BootVersion     =       V1.2.0(05/30/2023-18:31:18)
MainImage       =       /dev/mtdblock2
BackupImage     =       /dev/mtdblock5
Version =       V01.00.00
FakeVersion     =       v1.1.t4.0303
HwVersion       =       1.0
VendorId        =       TW
ModelId =       1610
sequence        =       56
SlaveVersion    =       V01.00.00
SlaveFakeVersion        =       v1.1.t4.0303
SlaveHwVersion  =       1.0
SlaveVendorId   =       TW
SlaveModelId    =       1610
Slavesequence   =       57
MaxImageSize    =       0x48a0000
root@GTH904-TW:/home # 
2023-06-19 20:16:05,687 - logger3 - INFO - cat /etc/gc_fw_info
FlashSize       =       0xfa00000
BootVersion     =       V1.2.0(05/30/2023-18:31:18)
MainImage       =       /dev/mtdblock2
BackupImage     =       /dev/mtdblock5
Version =       V01.00.00
FakeVersion     =       v1.1.t4.0303
HwVersion       =       1.0
VendorId        =       TW
ModelId =       1610
sequence        =       56
SlaveVersion    =       V01.00.00
SlaveFakeVersion        =       v1.1.t4.0303
SlaveHwVersion  =       1.0
SlaveVendorId   =       TW
SlaveModelId    =       1610
Slavesequence   =       57
MaxImageSize    =       0x48a0000
root@GTH904-TW:/home # cat /etc/gc_fw_info

2023-06-19 20:16:15,691 - logger3 - INFO - FlashSize       =       0xfa00000
BootVersion     =       V1.2.0(05/30/2023-18:31:18)
MainImage       =       /dev/mtdblock2
BackupImage     =       /dev/mtdblock5
Version =       V01.00.00
FakeVersion     =       v1.1.t4.0303
HwVersion       =       1.0
VendorId        =       TW
ModelId =       1610
sequence        =       56
SlaveVersion    =       V01.00.00
SlaveFakeVersion        =       v1.1.t4.0303
SlaveHwVersion  =       1.0
SlaveVendorId   =       TW
SlaveModelId    =       1610
Slavesequence   =       57
MaxImageSize    =       0x48a0000
root@GTH904-TW:/home # c
