2023-06-19 20:21:25,030 - logger3 - INFO - 
2023-06-19 20:21:28,169 - logger3 - INFO - 
gc_omcicli dbg 7
gc_omcicli omcilog on
gccli consoleRedir on
root@GTH904-TW:/home # gc_omcicli dbg 7
root@GTH904-TW:/home # gc_omcicli omcilog on
root@GTH904-TW:/home # gccli consoleRedir on
console_redirect successfuly 
root@GTH904-TW:/home #   adding: config.current.xml (deflated 92%)
Archive:  /tmp/backup_decompress/raw_config
  inflating: config.current.xml
[1970-01-01 08:11:25 CST] ERROR cwmp_http_request_error_cb - error: HTTP EOF
[1970-01-01 08:11:25 CST] ERROR cwmp_session_http_cb - session timeout
[1970-01-01 08:11:25 CST] ERROR cwmp_session_terminate_cb - session failed: 110 - Connection timed out, url: http://162.168.1.100:9090/acs
[1970-01-01 08:11:25 CST] ERROR cwmp_retry_session - another session retry has been scheduled
[1970-01-01 08:11:25 CST] ERROR cwmp_session_terminate_cb - failed to schedule session retry
c
2023-06-19 20:21:38,176 - logger3 - INFO - at /etc/gc_fw_info
FlashSize       =       0xfa00000
BootVersion     =       V1.2.0(05/30/2023-18:31:18)
MainImage       =       /dev/mtdblock2
BackupImage     =       /dev/mtdblock5
Version =       V01.00.00
FakeVersion     =       v1.1.t4.0303
HwVersion       =       1.0
VendorId        =       TW
ModelId =       1610
sequence        =       56
SlaveVersion    =       V01.00.00
SlaveFakeVersion        =       v1.1.t4.0303
SlaveHwVersion  =       1.0
SlaveVendorId   =       TW
SlaveModelId    =       1610
Slavesequence   =       57
MaxImageSize    =       0x48a0000
root@GTH904-TW:/home # c
2023-06-19 20:21:48,183 - logger3 - INFO - at /etc/gc_fw_info
FlashSize       =       0xfa00000
BootVersion     =       V1.2.0(05/30/2023-18:31:18)
MainImage       =       /dev/mtdblock2
BackupImage     =       /dev/mtdblock5
Version =       V01.00.00
FakeVersion     =       v1.1.t4.0303
HwVersion       =       1.0
VendorId        =       TW
ModelId =       1610
sequence        =       56
SlaveVersion    =       V01.00.00
SlaveFakeVersion        =       v1.1.t4.0303
SlaveHwVersion  =       1.0
SlaveVendorId   =       TW
SlaveModelId    =       1610
Slavesequence   =       57
MaxImageSize    =       0x48a0000
root@GTH904-TW:/home # c
2023-06-19 20:21:58,186 - logger3 - INFO - at /etc/gc_fw_info
FlashSize       =       0xfa00000
BootVersion     =       V1.2.0(05/30/2023-18:31:18)
MainImage       =       /dev/mtdblock2
BackupImage     =       /dev/mtdblock5
Version =       V01.00.00
FakeVersion     =       v1.1.t4.0303
HwVersion       =       1.0
VendorId        =       TW
ModelId =       1610
sequence        =       56
SlaveVersion    =       V01.00.00
SlaveFakeVersion        =       v1.1.t4.0303
SlaveHwVersion  =       1.0
SlaveVendorId   =       TW
SlaveModelId    =       1610
Slavesequence   =       57
MaxImageSize    =       0x48a0000
root@GTH904-TW:/home # c
2023-06-19 20:22:08,189 - logger3 - INFO - at /etc/gc_fw_info
FlashSize       =       0xfa00000
BootVersion     =       V1.2.0(05/30/2023-18:31:18)
MainImage       =       /dev/mtdblock2
BackupImage     =       /dev/mtdblock5
Version =       V01.00.00
FakeVersion     =       v1.1.t4.0303
HwVersion       =       1.0
VendorId        =       TW
ModelId =       1610
sequence        =       56
SlaveVersion    =       V01.00.00
SlaveFakeVersion        =       v1.1.t4.0303
SlaveHwVersion  =       1.0
SlaveVendorId   =       TW
SlaveModelId    =       1610
Slavesequence   =       57
MaxImageSize    =       0x48a0000
root@GTH904-TW:/home # 
